C51 COMPILER V9.00   MAIN                                                                  03/30/2021 11:52:56 PAGE 1   


C51 COMPILER V9.00, COMPILATION OF MODULE MAIN
OBJECT MODULE PLACED IN .\output\main.obj
COMPILER INVOKED BY: C:\Keil\C51\BIN\C51.EXE src\main.c BROWSE DEBUG OBJECTEXTEND PRINT(.\main.lst) OBJECT(.\output\main
                    -.obj)

line level    source

   1          # include <reg52.h>
   2          # include "include/utils.h"
   3          # include "include/kalman.h" 
   4          # define uint unsigned int
   5          uchar flag,a,i;
   6          unsigned int beat;
   7          
   8          
   9          sbit led1=P1^0 ;
  10          sbit watch=P1^2;
  11          sbit input=P3^7;
  12          sbit ticker=P0^0;       
  13          void init(){
  14   1              TMOD=0X25;               //T1 TIMER T0 COUNT
  15   1              TH1=0XFD;
  16   1              TL1=0XFD;
  17   1      
  18   1              RCAP2H=0X004C;
  19   1              RCAP2L=0X0000;
  20   1              resetT0();
  21   1              TR2=1;
  22   1              TR1=1;
  23   1              TR0=1;
  24   1              REN=1;
  25   1              SM0=0;
  26   1              SM1=1;
  27   1              EA=1;
  28   1              ES=1;
  29   1      
  30   1              ET2=1;
  31   1      
  32   1      }
  33          
  34          
  35          
  36          void watchChange(){
  37   1              
  38   1              if(input==0){
  39   2                       sleep(10);
  40   2                       if(input==0){
  41   3                              watch=~watch;
  42   3                              while(!input); // wait for key 
  43   3                              watch=~watch;
  44   3                       }      
  45   2              }
  46   1      
  47   1      }
  48          void main(void){
  49   1              unsigned int last_beat=0,seconds=0;
  50   1              unsigned int cnt_sum;//,foo=0X0001,bar=0X0002;
  51   1              unsigned int period =5;
  52   1              double freq;
  53   1      
  54   1              
C51 COMPILER V9.00   MAIN                                                                  03/30/2021 11:52:56 PAGE 2   

  55   1              
  56   1              init();
  57   1              flag=0;
  58   1              //test_filter();        
  59   1              init_filter();
  60   1              while(1){
  61   2                      led1=0;
  62   2                      watchChange();
  63   2                      if (flag==1){
  64   3                              ES=0;
  65   3                              processInput(a);
  66   3                                                      
  67   3                              ES=1;
  68   3                              flag=0;
  69   3      
  70   3                      }
  71   2                      if(last_beat!=beat&&beat%20==1){
  72   3                              ES=0;
  73   3                              seconds++;
  74   3                              if (seconds%period==1){
  75   4                                      cnt_sum=(TH0<<8)+TL0;
  76   4                                      output_string("sum: ");
  77   4                                      output_int(cnt_sum);
  78   4                                      freq=(double)cnt_sum;///period;
  79   4                                      output_string("freq: ");
  80   4                                      output_int((int)freq);
  81   4                                      predict();
  82   4                                      update(freq);
  83   4                                      output_string("filter: ");
  84   4                                      output_int((int)getXn());
  85   4                                      resetT0();
  86   4                              }
  87   3                              ES=1;
  88   3                              last_beat=beat;
  89   3                      }
  90   2      
  91   2              }
  92   1      }       
  93          void refresh() interrupt 4{
  94   1      
  95   1              RI=0;
  96   1              a=SBUF;
  97   1              flag=1;
  98   1                       
  99   1      }       
 100          
 101          void timer_50ms() interrupt 5{
 102   1      
 103   1              TF2=0;
 104   1              beat++;  
 105   1      
 106   1      }


MODULE INFORMATION:   STATIC OVERLAYABLE
   CODE SIZE        =    324    ----
   CONSTANT SIZE    =     22    ----
   XDATA SIZE       =   ----    ----
   PDATA SIZE       =   ----    ----
   DATA SIZE        =      8      12
   IDATA SIZE       =   ----    ----
   BIT SIZE         =   ----    ----
C51 COMPILER V9.00   MAIN                                                                  03/30/2021 11:52:56 PAGE 3   

END OF MODULE INFORMATION.


C51 COMPILATION COMPLETE.  0 WARNING(S),  0 ERROR(S)
